[2026-09-01 02:34:42] [INFO] ==================================================
[2026-09-01 02:34:42] [INFO] 开始抓取订阅（只去重，不做转换）
[2026-09-01 02:34:42] [INFO] 从 ./subscribe_sources.txt 加载了 20 个订阅源
[2026-09-01 02:34:42] [INFO] 处理 1 个 RSS 源...
[2026-09-01 02:34:42] [INFO] 正在抓取 RSS: CFMem
[2026-09-01 02:34:42] [INFO] 处理 19 个直链源...
[2026-09-01 02:34:42] [INFO] 正在抓取直链：AutoMergePublicNodes
[2026-09-01 02:34:42] [INFO] 正在抓取直链：barry-far V2ray-config
[2026-09-01 02:34:42] [INFO] 正在抓取直链：ebrasha free-v2ray
[2026-09-01 02:34:42] [INFO] 正在抓取直链：free18 v2ray
[2026-09-01 02:34:42] [INFO] 正在抓取直链：ovmvo FreeSub
[2026-09-01 02:34:42] [INFO] 正在抓取直链：mahdibland V2RayAggregator
[2026-09-01 02:34:42] [INFO] 正在抓取直链：dongchengjie
[2026-09-01 02:34:42] [INFO] 正在抓取直链：MatinGhanbari v2ray-configs
[2026-09-01 02:34:42] [INFO] 正在抓取直链：shaoyouvip free
[2026-09-01 02:34:42] [INFO] 正在抓取直链：PuddinCat BestClash
[2026-09-01 02:34:42] [INFO] 正在抓取直链：tglaoshiji nodeshare
[2026-09-01 02:34:43] [INFO] 正在抓取直链：openproxylist V2RAY_RAW
[2026-09-01 02:34:43] [INFO] 正在抓取直链：twj0sub_platform
[2026-09-01 02:34:43] [INFO] 正在抓取直链：twj0sub_github
[2026-09-01 02:34:43] [INFO] 正在抓取直链：gslege
[2026-09-01 02:34:43] [INFO] 正在抓取直链：medicandong
[2026-09-01 02:34:43] [INFO] 正在抓取直链：PuddinCat
[2026-09-01 02:34:43] [WARN] 直链 twj0sub_platform 内容为空
[2026-09-01 02:34:43] [INFO] 正在抓取直链：ts-sf
[2026-09-01 02:34:43] [INFO] 正在抓取直链：cfvvv
[2026-09-01 02:34:43] [WARN] 直链 tglaoshiji nodeshare 内容为空
[2026-09-01 02:34:45] [INFO] 去重后共 15465 个节点
[2026-09-01 02:34:45] [INFO] 已保存 V2Ray 订阅：./subscribe/v2ray.txt (15465 行)
[2026-09-01 02:34:45] [INFO] 已保存 Clash 订阅：./subscribe/clash.yml
[2026-09-01 02:34:45] [INFO] 订阅抓取完成
[2026-09-01 02:34:45] [INFO] ==================================================
[2026-09-01 11:00:45] [INFO] ==================================================
[2026-09-01 11:00:45] [INFO] 开始抓取订阅（只去重，不做转换）
[2026-09-01 11:00:45] [INFO] 从 ./subscribe_sources.txt 加载了 20 个订阅源
[2026-09-01 11:00:45] [INFO] 处理 1 个 RSS 源...
[2026-09-01 11:00:45] [INFO] 正在抓取 RSS: CFMem
[2026-09-01 11:00:46] [INFO] 处理 19 个直链源...
[2026-09-01 11:00:46] [INFO] 正在抓取直链：AutoMergePublicNodes
[2026-09-01 11:00:46] [INFO] 正在抓取直链：barry-far V2ray-config
[2026-09-01 11:00:46] [INFO] 正在抓取直链：ebrasha free-v2ray
[2026-09-01 11:00:46] [INFO] 正在抓取直链：free18 v2ray
[2026-09-01 11:00:46] [INFO] 正在抓取直链：mahdibland V2RayAggregator
[2026-09-01 11:00:46] [INFO] 正在抓取直链：MatinGhanbari v2ray-configs
[2026-09-01 11:00:46] [INFO] 正在抓取直链：dongchengjie
[2026-09-01 11:00:46] [INFO] 正在抓取直链：shaoyouvip free
[2026-09-01 11:00:46] [INFO] 正在抓取直链：ovmvo FreeSub
[2026-09-01 11:00:46] [INFO] 正在抓取直链：PuddinCat BestClash
[2026-09-01 11:00:46] [INFO] 正在抓取直链：tglaoshiji nodeshare
[2026-09-01 11:00:46] [INFO] 正在抓取直链：openproxylist V2RAY_RAW
[2026-09-01 11:00:46] [INFO] 正在抓取直链：twj0sub_platform
[2026-09-01 11:00:46] [INFO] 正在抓取直链：twj0sub_github
[2026-09-01 11:00:46] [INFO] 正在抓取直链：gslege
[2026-09-01 11:00:46] [INFO] 正在抓取直链：medicandong
[2026-09-01 11:00:46] [INFO] 正在抓取直链：PuddinCat
[2026-09-01 11:00:46] [INFO] 正在抓取直链：ts-sf
[2026-09-01 11:00:46] [WARN] 直链 twj0sub_platform 内容为空
[2026-09-01 11:00:46] [INFO] 正在抓取直链：cfvvv
[2026-09-01 11:00:47] [WARN] 直链 tglaoshiji nodeshare 内容为空
[2026-09-01 11:00:47] [INFO] 去重后共 15694 个节点
[2026-09-01 11:00:47] [INFO] 已保存 V2Ray 订阅：./subscribe/v2ray.txt (15694 行)
[2026-09-01 11:00:47] [INFO] 已保存 Clash 订阅：./subscribe/clash.yml
[2026-09-01 11:00:47] [INFO] 订阅抓取完成
[2026-09-01 11:00:47] [INFO] ==================================================
[2026-09-01 23:54:26] [INFO] ==================================================
[2026-09-01 23:54:26] [INFO] 开始抓取订阅（只去重，不做转换）
[2026-09-01 23:54:26] [INFO] 从 ./subscribe_sources.txt 加载了 20 个订阅源
[2026-09-01 23:54:26] [INFO] 处理 1 个 RSS 源...
[2026-09-01 23:54:26] [INFO] 正在抓取 RSS: CFMem
[2026-09-01 23:54:27] [INFO] 处理 19 个直链源...
[2026-09-01 23:54:27] [INFO] 正在抓取直链：AutoMergePublicNodes
[2026-09-01 23:54:27] [INFO] 正在抓取直链：barry-far V2ray-config
[2026-09-01 23:54:27] [INFO] 正在抓取直链：ebrasha free-v2ray
[2026-09-01 23:54:27] [INFO] 正在抓取直链：free18 v2ray
[2026-09-01 23:54:27] [INFO] 正在抓取直链：MatinGhanbari v2ray-configs
[2026-09-01 23:54:27] [INFO] 正在抓取直链：mahdibland V2RayAggregator
[2026-09-01 23:54:27] [INFO] 正在抓取直链：ovmvo FreeSub
[2026-09-01 23:54:27] [INFO] 正在抓取直链：PuddinCat BestClash
[2026-09-01 23:54:27] [INFO] 正在抓取直链：dongchengjie
[2026-09-01 23:54:27] [INFO] 正在抓取直链：shaoyouvip free
[2026-09-01 23:54:27] [INFO] 正在抓取直链：tglaoshiji nodeshare
[2026-09-01 23:54:27] [INFO] 正在抓取直链：openproxylist V2RAY_RAW
[2026-09-01 23:54:27] [INFO] 正在抓取直链：twj0sub_platform
[2026-09-01 23:54:27] [INFO] 正在抓取直链：twj0sub_github
[2026-09-01 23:54:27] [INFO] 正在抓取直链：gslege
[2026-09-01 23:54:27] [INFO] 正在抓取直链：medicandong
[2026-09-01 23:54:27] [INFO] 正在抓取直链：PuddinCat
[2026-09-01 23:54:27] [INFO] 正在抓取直链：ts-sf
[2026-09-01 23:54:27] [INFO] 正在抓取直链：cfvvv
[2026-09-01 23:54:27] [WARN] 直链 tglaoshiji nodeshare 内容为空
[2026-09-01 23:54:28] [INFO] 去重后共 16250 个节点
[2026-09-01 23:54:28] [INFO] 已保存 V2Ray 订阅：./subscribe/v2ray.txt (16250 行)
[2026-09-01 23:54:28] [INFO] 已保存 Clash 订阅：./subscribe/clash.yml
[2026-09-01 23:54:28] [INFO] 订阅抓取完成
[2026-09-01 23:54:28] [INFO] ==================================================
[2026-09-02 10:20:41] [INFO] ==================================================
[2026-09-02 10:20:41] [INFO] 开始抓取订阅（只去重，不做转换）
[2026-09-02 10:20:41] [INFO] 从 ./subscribe_sources.txt 加载了 20 个订阅源
[2026-09-02 10:20:41] [INFO] 处理 1 个 RSS 源...
[2026-09-02 10:20:41] [INFO] 正在抓取 RSS: CFMem
[2026-09-02 10:20:42] [INFO] 处理 19 个直链源...
[2026-09-02 10:20:42] [INFO] 正在抓取直链：barry-far V2ray-config
[2026-09-02 10:20:42] [INFO] 正在抓取直链：AutoMergePublicNodes
[2026-09-02 10:20:42] [INFO] 正在抓取直链：ebrasha free-v2ray
[2026-09-02 10:20:42] [INFO] 正在抓取直链：free18 v2ray
[2026-09-02 10:20:42] [INFO] 正在抓取直链：mahdibland V2RayAggregator
[2026-09-02 10:20:42] [INFO] 正在抓取直链：MatinGhanbari v2ray-configs
[2026-09-02 10:20:42] [INFO] 正在抓取直链：dongchengjie
[2026-09-02 10:20:42] [INFO] 正在抓取直链：ovmvo FreeSub
[2026-09-02 10:20:42] [INFO] 正在抓取直链：PuddinCat BestClash
[2026-09-02 10:20:42] [INFO] 正在抓取直链：shaoyouvip free
[2026-09-02 10:20:42] [INFO] 正在抓取直链：tglaoshiji nodeshare
[2026-09-02 10:20:42] [INFO] 正在抓取直链：openproxylist V2RAY_RAW
[2026-09-02 10:20:42] [INFO] 正在抓取直链：twj0sub_platform
[2026-09-02 10:20:42] [INFO] 正在抓取直链：twj0sub_github
[2026-09-02 10:20:42] [INFO] 正在抓取直链：gslege
[2026-09-02 10:20:42] [INFO] 正在抓取直链：medicandong
[2026-09-02 10:20:42] [INFO] 正在抓取直链：PuddinCat
[2026-09-02 10:20:42] [INFO] 正在抓取直链：ts-sf
[2026-09-02 10:20:42] [INFO] 正在抓取直链：cfvvv
[2026-09-02 10:20:42] [WARN] 直链 twj0sub_platform 内容为空
[2026-09-02 10:20:43] [WARN] 直链 tglaoshiji nodeshare 内容为空
[2026-09-02 10:20:43] [INFO] 去重后共 40625 个节点
[2026-09-02 10:20:43] [INFO] 已保存 V2Ray 订阅：./subscribe/v2ray.txt (40625 行)
[2026-09-02 10:20:43] [INFO] 已保存 Clash 订阅：./subscribe/clash.yml
[2026-09-02 10:20:43] [INFO] 订阅抓取完成
[2026-09-02 10:20:43] [INFO] ==================================================
[2026-09-02 23:46:14] [INFO] ==================================================
[2026-09-02 23:46:14] [INFO] 开始抓取订阅（只去重，不做转换）
[2026-09-02 23:46:14] [INFO] 从 ./subscribe_sources.txt 加载了 20 个订阅源
[2026-09-02 23:46:14] [INFO] 处理 1 个 RSS 源...
[2026-09-02 23:46:14] [INFO] 正在抓取 RSS: CFMem
[2026-09-02 23:46:15] [INFO] 处理 19 个直链源...
[2026-09-02 23:46:15] [INFO] 正在抓取直链：AutoMergePublicNodes
[2026-09-02 23:46:15] [INFO] 正在抓取直链：barry-far V2ray-config
[2026-09-02 23:46:15] [INFO] 正在抓取直链：ebrasha free-v2ray
[2026-09-02 23:46:15] [INFO] 正在抓取直链：free18 v2ray
[2026-09-02 23:46:15] [INFO] 正在抓取直链：mahdibland V2RayAggregator
[2026-09-02 23:46:15] [INFO] 正在抓取直链：MatinGhanbari v2ray-configs
[2026-09-02 23:46:15] [INFO] 正在抓取直链：ovmvo FreeSub
[2026-09-02 23:46:15] [INFO] 正在抓取直链：shaoyouvip free
[2026-09-02 23:46:15] [INFO] 正在抓取直链：dongchengjie
[2026-09-02 23:46:15] [INFO] 正在抓取直链：PuddinCat BestClash
[2026-09-02 23:46:15] [INFO] 正在抓取直链：tglaoshiji nodeshare
[2026-09-02 23:46:15] [INFO] 正在抓取直链：openproxylist V2RAY_RAW
[2026-09-02 23:46:15] [INFO] 正在抓取直链：twj0sub_platform
[2026-09-02 23:46:15] [INFO] 正在抓取直链：twj0sub_github
[2026-09-02 23:46:15] [INFO] 正在抓取直链：gslege
[2026-09-02 23:46:15] [INFO] 正在抓取直链：medicandong
[2026-09-02 23:46:15] [INFO] 正在抓取直链：PuddinCat
[2026-09-02 23:46:15] [INFO] 正在抓取直链：ts-sf
[2026-09-02 23:46:15] [INFO] 正在抓取直链：cfvvv
[2026-09-02 23:46:15] [WARN] 直链 tglaoshiji nodeshare 内容为空
[2026-09-02 23:46:16] [INFO] 去重后共 47930 个节点
[2026-09-02 23:46:16] [INFO] 已保存 V2Ray 订阅：./subscribe/v2ray.txt (47930 行)
[2026-09-02 23:46:16] [INFO] 已保存 Clash 订阅：./subscribe/clash.yml
[2026-09-02 23:46:16] [INFO] 订阅抓取完成
[2026-09-02 23:46:16] [INFO] ==================================================
[2026-09-03 10:28:01] [INFO] ==================================================
[2026-09-03 10:28:01] [INFO] 开始抓取订阅（只去重，不做转换）
[2026-09-03 10:28:01] [INFO] 从 ./subscribe_sources.txt 加载了 20 个订阅源
[2026-09-03 10:28:01] [INFO] 处理 1 个 RSS 源...
[2026-09-03 10:28:01] [INFO] 正在抓取 RSS: CFMem
[2026-09-03 10:28:02] [INFO] 处理 19 个直链源...
[2026-09-03 10:28:02] [INFO] 正在抓取直链：AutoMergePublicNodes
[2026-09-03 10:28:02] [INFO] 正在抓取直链：barry-far V2ray-config
[2026-09-03 10:28:02] [INFO] 正在抓取直链：ebrasha free-v2ray
[2026-09-03 10:28:02] [INFO] 正在抓取直链：free18 v2ray
[2026-09-03 10:28:02] [INFO] 正在抓取直链：mahdibland V2RayAggregator
[2026-09-03 10:28:02] [INFO] 正在抓取直链：MatinGhanbari v2ray-configs
[2026-09-03 10:28:02] [INFO] 正在抓取直链：dongchengjie
[2026-09-03 10:28:02] [INFO] 正在抓取直链：PuddinCat BestClash
[2026-09-03 10:28:02] [INFO] 正在抓取直链：ovmvo FreeSub
[2026-09-03 10:28:02] [INFO] 正在抓取直链：shaoyouvip free
[2026-09-03 10:28:02] [INFO] 正在抓取直链：tglaoshiji nodeshare
[2026-09-03 10:28:02] [INFO] 正在抓取直链：openproxylist V2RAY_RAW
[2026-09-03 10:28:02] [INFO] 正在抓取直链：twj0sub_platform
[2026-09-03 10:28:02] [INFO] 正在抓取直链：twj0sub_github
[2026-09-03 10:28:02] [INFO] 正在抓取直链：gslege
[2026-09-03 10:28:02] [INFO] 正在抓取直链：medicandong
[2026-09-03 10:28:02] [INFO] 正在抓取直链：PuddinCat
[2026-09-03 10:28:02] [INFO] 正在抓取直链：ts-sf
[2026-09-03 10:28:02] [INFO] 正在抓取直链：cfvvv
[2026-09-03 10:28:02] [WARN] 直链 tglaoshiji nodeshare 内容为空
[2026-09-03 10:28:03] [INFO] 去重后共 48059 个节点
[2026-09-03 10:28:03] [INFO] 已保存 V2Ray 订阅：./subscribe/v2ray.txt (48059 行)
[2026-09-03 10:28:03] [INFO] 已保存 Clash 订阅：./subscribe/clash.yml
[2026-09-03 10:28:03] [INFO] 订阅抓取完成
[2026-09-03 10:28:03] [INFO] ==================================================
[2026-09-03 23:36:00] [INFO] ==================================================
[2026-09-03 23:36:00] [INFO] 开始抓取订阅（只去重，不做转换）
[2026-09-03 23:36:00] [INFO] 从 ./subscribe_sources.txt 加载了 20 个订阅源
[2026-09-03 23:36:00] [INFO] 处理 1 个 RSS 源...
[2026-09-03 23:36:00] [INFO] 正在抓取 RSS: CFMem
[2026-09-03 23:36:01] [INFO] 处理 19 个直链源...
[2026-09-03 23:36:01] [INFO] 正在抓取直链：AutoMergePublicNodes
[2026-09-03 23:36:01] [INFO] 正在抓取直链：barry-far V2ray-config
[2026-09-03 23:36:01] [INFO] 正在抓取直链：ebrasha free-v2ray
[2026-09-03 23:36:01] [INFO] 正在抓取直链：free18 v2ray
[2026-09-03 23:36:01] [INFO] 正在抓取直链：mahdibland V2RayAggregator
[2026-09-03 23:36:01] [INFO] 正在抓取直链：ovmvo FreeSub
[2026-09-03 23:36:01] [INFO] 正在抓取直链：dongchengjie
[2026-09-03 23:36:01] [INFO] 正在抓取直链：MatinGhanbari v2ray-configs
[2026-09-03 23:36:01] [INFO] 正在抓取直链：PuddinCat BestClash
[2026-09-03 23:36:01] [INFO] 正在抓取直链：shaoyouvip free
[2026-09-03 23:36:01] [INFO] 正在抓取直链：tglaoshiji nodeshare
[2026-09-03 23:36:01] [INFO] 正在抓取直链：openproxylist V2RAY_RAW
[2026-09-03 23:36:01] [INFO] 正在抓取直链：twj0sub_platform
[2026-09-03 23:36:01] [INFO] 正在抓取直链：twj0sub_github
[2026-09-03 23:36:01] [INFO] 正在抓取直链：gslege
[2026-09-03 23:36:01] [INFO] 正在抓取直链：medicandong
[2026-09-03 23:36:02] [INFO] 正在抓取直链：PuddinCat
[2026-09-03 23:36:02] [INFO] 正在抓取直链：ts-sf
[2026-09-03 23:36:02] [INFO] 正在抓取直链：cfvvv
[2026-09-03 23:36:02] [WARN] 直链 twj0sub_platform 内容为空
[2026-09-03 23:36:02] [WARN] 直链 tglaoshiji nodeshare 内容为空
[2026-09-03 23:36:03] [INFO] 去重后共 39012 个节点
[2026-09-03 23:36:03] [INFO] 已保存 V2Ray 订阅：./subscribe/v2ray.txt (39012 行)
[2026-09-03 23:36:03] [INFO] 已保存 Clash 订阅：./subscribe/clash.yml
[2026-09-03 23:36:03] [INFO] 订阅抓取完成
[2026-09-03 23:36:03] [INFO] ==================================================
